LOP3 lines: 432; POPC lines: 16
        /*01a0*/                   LOP3.LUT R53, R52, 0x7ffffe0, RZ, 0xc0, !PT ;           /* 0x07ffffe034357812 */
        /*0e70*/                   LOP3.LUT R25, RZ, R52, RZ, 0x33, !PT ;                  /* 0x00000034ff197212 */
        /*11c0*/                   LOP3.LUT P1, RZ, R0, R5, RZ, 0xc, !PT ;                 /* 0x0000000500ff7212 */
        /*1460*/                   LOP3.LUT R0, R0, 0x80000000, R7, 0xec, !PT ;            /* 0x8000000000007812 */
        /*1b40*/                   LOP3.LUT R0, R0, R7, RZ, 0xc0, !PT ;                    /* 0x0000000700007212 */
        /*1ce0*/                   LOP3.LUT P1, RZ, R0, R7, RZ, 0xc, !PT ;                 /* 0x0000000700ff7212 */
        /*1f60*/                   LOP3.LUT R0, R0, 0x80000000, R51, 0xec, !PT ;           /* 0x8000000000007812 */
        /*26c0*/                   LOP3.LUT P1, RZ, R0, R7, RZ, 0xc, !PT ;                 /* 0x0000000700ff7212 */
        /*3790*/                   LOP3.LUT R53, R33, 0x7ffffe0, RZ, 0xc0, !PT ;           /* 0x07ffffe021357812 */
        /*4470*/                   LOP3.LUT R33, RZ, R33, RZ, 0x33, !PT ;                  /* 0x00000021ff217212 */
        /*47c0*/                   LOP3.LUT P1, RZ, R0, R7, RZ, 0xc, !PT ;                 /* 0x0000000700ff7212 */
        /*4a60*/                   LOP3.LUT R0, R0, 0x80000000, R7, 0xec, !PT ;            /* 0x8000000000007812 */
        /*5140*/                   LOP3.LUT R0, R0, R7, RZ, 0xc0, !PT ;                    /* 0x0000000700007212 */
        /*52e0*/                   LOP3.LUT P1, RZ, R0, R7, RZ, 0xc, !PT ;                 /* 0x0000000700ff7212 */
        /*5560*/                   LOP3.LUT R7, R7, 0x80000000, R52, 0xec, !PT ;           /* 0x8000000007077812 */
        /*5cc0*/                   LOP3.LUT P1, RZ, R0, R7, RZ, 0xc, !PT ;                 /* 0x0000000700ff7212 */
        /*6ef0*/                   LOP3.LUT R35, R0, 0x80000000, R7, 0xec, !PT ;           /* 0x8000000000237812 */
        /*8190*/                   LOP3.LUT R42, R0, 0x80000000, R51, 0xec, !PT ;          /* 0x80000000002a7812 */
        /*9440*/                   LOP3.LUT R35, R0, 0x80000000, R7, 0xec, !PT ;           /* 0x8000000000237812 */
        /*a6e0*/                   LOP3.LUT R42, R0, 0x80000000, R52, 0xec, !PT ;          /* 0x80000000002a7812 */
