-- The CXX compiler identification is GNU 13.3.0
-- Detecting CXX compiler ABI info
-- Detecting CXX compiler ABI info - done
-- Check for working CXX compiler: /usr/bin/c++ - skipped
-- Detecting CXX compile features
-- Detecting CXX compile features - done
-- The CUDA compiler identification is NVIDIA 12.9.86
-- Detecting CUDA compiler ABI info
-- Detecting CUDA compiler ABI info - done
-- Check for working CUDA compiler: /opt/nvidia/hpc_sdk/Linux_x86_64/26.1/cuda/12.9/bin/nvcc - skipped
-- Detecting CUDA compile features
-- Detecting CUDA compile features - done
-- Found CUDAToolkit: /opt/nvidia/hpc_sdk/Linux_x86_64/26.1/cuda/12.9/targets/x86_64-linux/include;/usr/include (found version "12.9.86")
-- Performing Test CMAKE_HAVE_LIBC_PTHREAD
-- Performing Test CMAKE_HAVE_LIBC_PTHREAD - Success
-- Found Threads: TRUE
-- Configuring done (5.2s)
-- Generating done (0.0s)
-- Build files have been written to: /home/tumlinson/Baseplane/build-bitop-BP-CUDA-LAB-final-cuda
[ 25%] Building CXX object CMakeFiles/lab_reference.dir/host/reference.cc.o
/home/tumlinson/Baseplane/experiments/cuda_lab/host/reference.cc: In function ‘std::vector<bp_cuda_lab::SuperMatch> bp_cuda_lab::match_supertile_reference(const std::vector<Vec>&, const std::vector<unsigned int>&)’:
/home/tumlinson/Baseplane/experiments/cuda_lab/host/reference.cc:164:9: warning: this ‘if’ clause does not guard... [-Wmisleading-indentation]
  164 |         if(y[i].leader==0xffffffffu)y[i].leader=unsigned(j);++y[i].count;
      |         ^~
/home/tumlinson/Baseplane/experiments/cuda_lab/host/reference.cc:164:61: note: ...this statement, but the latter is misleadingly indented as if it were guarded by the ‘if’
  164 |         if(y[i].leader==0xffffffffu)y[i].leader=unsigned(j);++y[i].count;
      |                                                             ^~
[ 50%] Linking CXX static library liblab_reference.a
[ 50%] Built target lab_reference
[ 75%] Building CUDA object CMakeFiles/lab_cuda.dir/cuda/driver.cu.o
nvcc warning : Support for offline compilation for architectures prior to '<compute/sm/lto>_75' will be removed in a future release (Use -Wno-deprecated-gpu-targets to suppress warning).
/home/tumlinson/Baseplane/experiments/cuda_lab/cuda/kernels.cuh(156): warning #177-D: variable "lane" was declared but never referenced
      unsigned i=blockIdx.x*blockDim.x+threadIdx.x,lane=i&31;bool valid=i<n;
                                                   ^

Remark: The warnings can be suppressed with "-diag-suppress <warning-number>"

/home/tumlinson/Baseplane/experiments/cuda_lab/cuda/kernels.cuh(168): warning #177-D: variable "lane" was declared but never referenced
      unsigned i=blockIdx.x*blockDim.x+threadIdx.x,lane=i&31;bool valid=i<n;
                                                   ^

ptxas info    : 31 bytes gmem, 248 bytes cmem[4]
ptxas info    : Compiling entry function '_ZN3cub17CUB_200802_SM_70029DeviceRadixSortOnesweepKernelINS0_6detail5radix10policy_hubIjjjE10Policy1000ELb0EjjjiiNS2_21identity_decomposer_tEEEvPT5_S9_PT3_PKSA_PT1_PKSE_PT2_PKSI_T4_iiT6_' for 'sm_70'
ptxas info    : Function properties for _ZN3cub17CUB_200802_SM_70029DeviceRadixSortOnesweepKernelINS0_6detail5radix10policy_hubIjjjE10Policy1000ELb0EjjjiiNS2_21identity_decomposer_tEEEvPT5_S9_PT3_PKSA_PT1_PKSE_PT2_PKSI_T4_iiT6_
    0 bytes stack frame, 0 bytes spill stores, 0 bytes spill loads
ptxas info    : Used 159 registers, used 1 barriers, 48128 bytes smem, 429 bytes cmem[0]
ptxas info    : Compile time = 744.876 ms
ptxas info    : Compiling entry function '_ZN3cub17CUB_200802_SM_70033DeviceRadixSortExclusiveSumKernelINS0_6detail5radix10policy_hubIjjjE10Policy1000EjEEvPT0_' for 'sm_70'
ptxas info    : Function properties for _ZN3cub17CUB_200802_SM_70033DeviceRadixSortExclusiveSumKernelINS0_6detail5radix10policy_hubIjjjE10Policy1000EjEEvPT0_
    0 bytes stack frame, 0 bytes spill stores, 0 bytes spill loads
ptxas info    : Used 23 registers, used 1 barriers, 1184 bytes smem, 360 bytes cmem[0]
ptxas info    : Compile time = 4.694 ms
ptxas info    : Compiling entry function '_ZN3cub17CUB_200802_SM_70030DeviceRadixSortHistogramKernelINS0_6detail5radix10policy_hubIjjjE10Policy1000ELb0EjjNS2_21identity_decomposer_tEEEvPT2_PKT1_S8_iiT3_' for 'sm_70'
ptxas info    : Function properties for _ZN3cub17CUB_200802_SM_70030DeviceRadixSortHistogramKernelINS0_6detail5radix10policy_hubIjjjE10Policy1000ELb0EjjNS2_21identity_decomposer_tEEEvPT2_PKT1_S8_iiT3_
    0 bytes stack frame, 0 bytes spill stores, 0 bytes spill loads
ptxas info    : Used 80 registers, used 1 barriers, 32768 bytes smem, 381 bytes cmem[0]
ptxas info    : Compile time = 22.589 ms
ptxas info    : Compiling entry function '_ZN3cub17CUB_200802_SM_70031DeviceRadixSortSingleTileKernelINS0_6detail5radix10policy_hubIjjjE10Policy1000ELb0EjjjNS2_21identity_decomposer_tEEEvPKT1_PS8_PKT2_PSC_T3_iiT4_' for 'sm_70'
ptxas info    : Function properties for _ZN3cub17CUB_200802_SM_70031DeviceRadixSortSingleTileKernelINS0_6detail5radix10policy_hubIjjjE10Policy1000ELb0EjjjNS2_21identity_decomposer_tEEEvPKT1_PS8_PKT2_PSC_T3_iiT4_
    0 bytes stack frame, 0 bytes spill stores, 0 bytes spill loads
ptxas info    : Used 128 registers, used 1 barriers, 33856 bytes smem, 397 bytes cmem[0]
ptxas info    : Compile time = 44.767 ms
ptxas info    : Compiling entry function '_ZN3cub17CUB_200802_SM_70016DeviceScanKernelINS0_6detail4scan10policy_hubIN11bp_cuda_lab6AffineES6_S6_jNS5_13AffineComposeEE10Policy1000EPS6_SA_NS0_13ScanTileStateIS6_Lb0EEES7_NS0_8NullTypeEjS6_Lb0EEEvT0_T1_T2_iT3_T4_T5_' for 'sm_70'
ptxas info    : Function properties for _ZN3cub17CUB_200802_SM_70016DeviceScanKernelINS0_6detail4scan10policy_hubIN11bp_cuda_lab6AffineES6_S6_jNS5_13AffineComposeEE10Policy1000EPS6_SA_NS0_13ScanTileStateIS6_Lb0EEES7_NS0_8NullTypeEjS6_Lb0EEEvT0_T1_T2_iT3_T4_T5_
    0 bytes stack frame, 0 bytes spill stores, 0 bytes spill loads
ptxas info    : Used 56 registers, used 1 barriers, 4112 bytes smem, 404 bytes cmem[0]
ptxas info    : Compile time = 250.773 ms
ptxas info    : Compiling entry function '_ZN3cub17CUB_200802_SM_70020DeviceScanInitKernelINS0_13ScanTileStateIN11bp_cuda_lab6AffineELb0EEEEEvT_i' for 'sm_70'
ptxas info    : Function properties for _ZN3cub17CUB_200802_SM_70020DeviceScanInitKernelINS0_13ScanTileStateIN11bp_cuda_lab6AffineELb0EEEEEvT_i
    0 bytes stack frame, 0 bytes spill stores, 0 bytes spill loads
ptxas info    : Used 10 registers, used 0 barriers, 380 bytes cmem[0]
ptxas info    : Compile time = 1.014 ms
ptxas info    : Compiling entry function '_ZN3cub17CUB_200802_SM_70023DeviceSelectSweepKernelINS0_6detail6select10policy_hubIjNS0_8NullTypeEiLb0ELb0ELb0EE10Policy1000EN6thrust23THRUST_200802_SM_700_NS17counting_iteratorIjNS9_11use_defaultESB_SB_EEPS5_PjSE_NS0_13ScanTileStateIiLb1EEEN11bp_cuda_lab16CUBSelectedIndexES5_iNS3_19streaming_context_tIlLb1EEELb0ELb0EEEvT0_T1_T2_T3_T4_T5_T6_T7_iT8_NS2_7vsmem_tE' for 'sm_70'
ptxas info    : Function properties for _ZN3cub17CUB_200802_SM_70023DeviceSelectSweepKernelINS0_6detail6select10policy_hubIjNS0_8NullTypeEiLb0ELb0ELb0EE10Policy1000EN6thrust23THRUST_200802_SM_700_NS17counting_iteratorIjNS9_11use_defaultESB_SB_EEPS5_PjSE_NS0_13ScanTileStateIiLb1EEEN11bp_cuda_lab16CUBSelectedIndexES5_iNS3_19streaming_context_tIlLb1EEELb0ELb0EEEvT0_T1_T2_T3_T4_T5_T6_T7_iT8_NS2_7vsmem_tE
    0 bytes stack frame, 0 bytes spill stores, 0 bytes spill loads
ptxas info    : Used 40 registers, used 1 barriers, 5120 bytes smem, 472 bytes cmem[0]
ptxas info    : Compile time = 181.681 ms
ptxas info    : Compiling entry function '_ZN3cub17CUB_200802_SM_70023DeviceCompactInitKernelINS0_13ScanTileStateIiLb1EEEPjEEvT_iT0_' for 'sm_70'
ptxas info    : Function properties for _ZN3cub17CUB_200802_SM_70023DeviceCompactInitKernelINS0_13ScanTileStateIiLb1EEEPjEEvT_iT0_
    0 bytes stack frame, 0 bytes spill stores, 0 bytes spill loads
ptxas info    : Used 12 registers, used 0 barriers, 376 bytes cmem[0]
ptxas info    : Compile time = 1.131 ms
ptxas info    : Compiling entry function '_ZN3cub17CUB_200802_SM_70011EmptyKernelIvEEvv' for 'sm_70'
ptxas info    : Function properties for _ZN3cub17CUB_200802_SM_70011EmptyKernelIvEEvv
    0 bytes stack frame, 0 bytes spill stores, 0 bytes spill loads
ptxas info    : Used 4 registers, used 0 barriers, 352 bytes cmem[0]
ptxas info    : Compile time = 0.364 ms
ptxas info    : Compiling entry function '_ZN11bp_cuda_lab19supertile_all_pairsEPKNS_3VecEPKjPNS_10SuperMatchEj' for 'sm_70'
ptxas info    : Function properties for _ZN11bp_cuda_lab19supertile_all_pairsEPKNS_3VecEPKjPNS_10SuperMatchEj
    0 bytes stack frame, 0 bytes spill stores, 0 bytes spill loads
ptxas info    : Used 32 registers, used 0 barriers, 380 bytes cmem[0]
ptxas info    : Compile time = 12.529 ms
ptxas info    : Compiling entry function '_ZN11bp_cuda_lab15keys_from_meansEPKNS_5MatchEPjj' for 'sm_70'
ptxas info    : Function properties for _ZN11bp_cuda_lab15keys_from_meansEPKNS_5MatchEPjj
    0 bytes stack frame, 0 bytes spill stores, 0 bytes spill loads
ptxas info    : Used 10 registers, used 0 barriers, 372 bytes cmem[0]
ptxas info    : Compile time = 1.168 ms
ptxas info    : Compiling entry function '_ZN11bp_cuda_lab15scatter_matchesEPKNS_5MatchEPKjPS0_j' for 'sm_70'
ptxas info    : Function properties for _ZN11bp_cuda_lab15scatter_matchesEPKNS_5MatchEPKjPS0_j
    0 bytes stack frame, 0 bytes spill stores, 0 bytes spill loads
ptxas info    : Used 22 registers, used 0 barriers, 380 bytes cmem[0]
ptxas info    : Compile time = 1.137 ms
ptxas info    : Compiling entry function '_ZN11bp_cuda_lab17gather_candidatesEPKNS_3VecEPKjS4_PS0_Pjj' for 'sm_70'
ptxas info    : Function properties for _ZN11bp_cuda_lab17gather_candidatesEPKNS_3VecEPKjS4_PS0_Pjj
    0 bytes stack frame, 0 bytes spill stores, 0 bytes spill loads
ptxas info    : Used 22 registers, used 0 barriers, 396 bytes cmem[0]
ptxas info    : Compile time = 1.164 ms
ptxas info    : Compiling entry function '_ZN11bp_cuda_lab19rendezvous_pairwiseEPKNS_3VecEPKjPNS_5MatchEj' for 'sm_70'
ptxas info    : Function properties for _ZN11bp_cuda_lab19rendezvous_pairwiseEPKNS_3VecEPKjPNS_5MatchEj
    0 bytes stack frame, 0 bytes spill stores, 0 bytes spill loads
ptxas info    : Used 32 registers, used 0 barriers, 380 bytes cmem[0]
ptxas info    : Compile time = 16.239 ms
ptxas info    : Compiling entry function '_ZN11bp_cuda_lab10rendezvousEPKNS_3VecEPKjPNS_5MatchEj' for 'sm_70'
ptxas info    : Function properties for _ZN11bp_cuda_lab10rendezvousEPKNS_3VecEPKjPNS_5MatchEj
    0 bytes stack frame, 0 bytes spill stores, 0 bytes spill loads
ptxas info    : Used 22 registers, used 0 barriers, 380 bytes cmem[0]
ptxas info    : Compile time = 12.081 ms
ptxas info    : Compiling entry function '_ZN11bp_cuda_lab20refine_thread_directEPKNS_3VecEjfPKNS_7WeightsEPf' for 'sm_70'
ptxas info    : Function properties for _ZN11bp_cuda_lab20refine_thread_directEPKNS_3VecEjfPKNS_7WeightsEPf
    16 bytes stack frame, 0 bytes spill stores, 0 bytes spill loads
ptxas info    : Used 53 registers, used 0 barriers, 16 bytes cumulative stack size, 384 bytes cmem[0]
ptxas info    : Compile time = 45.391 ms
ptxas info    : Compiling entry function '_ZN11bp_cuda_lab18refine_warp_directEPKNS_3VecEjfPKNS_7WeightsEPf' for 'sm_70'
ptxas info    : Function properties for _ZN11bp_cuda_lab18refine_warp_directEPKNS_3VecEjfPKNS_7WeightsEPf
    0 bytes stack frame, 0 bytes spill stores, 0 bytes spill loads
ptxas info    : Used 31 registers, used 0 barriers, 384 bytes cmem[0]
ptxas info    : Compile time = 32.678 ms
ptxas info    : Compiling entry function '_ZN11bp_cuda_lab20refine_queue_sourcesEPKNS_3VecEPKjS4_jS4_PKNS_7WeightsEPf' for 'sm_70'
ptxas info    : Function properties for _ZN11bp_cuda_lab20refine_queue_sourcesEPKNS_3VecEPKjS4_jS4_PKNS_7WeightsEPf
    0 bytes stack frame, 0 bytes spill stores, 0 bytes spill loads
ptxas info    : Used 30 registers, used 0 barriers, 408 bytes cmem[0]
ptxas info    : Compile time = 22.870 ms
ptxas info    : Compiling entry function '_ZN11bp_cuda_lab17cheap_all_sourcesEPKNS_3VecEPKjPfj' for 'sm_70'
ptxas info    : Function properties for _ZN11bp_cuda_lab17cheap_all_sourcesEPKNS_3VecEPKjPfj
    0 bytes stack frame, 0 bytes spill stores, 0 bytes spill loads
ptxas info    : Used 24 registers, used 0 barriers, 380 bytes cmem[0]
ptxas info    : Compile time = 3.993 ms
ptxas info    : Compiling entry function '_ZN11bp_cuda_lab21coarsen_float_recordsEPKfjPNS_3VecEPjj' for 'sm_70'
ptxas info    : Function properties for _ZN11bp_cuda_lab21coarsen_float_recordsEPKfjPNS_3VecEPjj
    0 bytes stack frame, 0 bytes spill stores, 0 bytes spill loads
ptxas info    : Used 32 registers, used 0 barriers, 388 bytes cmem[0]
ptxas info    : Compile time = 36.487 ms
ptxas info    : Compiling entry function '_ZN11bp_cuda_lab12refine_queueEPKNS_3VecEPKjS4_jPKNS_7WeightsEPf' for 'sm_70'
ptxas info    : Function properties for _ZN11bp_cuda_lab12refine_queueEPKNS_3VecEPKjS4_jPKNS_7WeightsEPf
    0 bytes stack frame, 0 bytes spill stores, 0 bytes spill loads
ptxas info    : Used 30 registers, used 0 barriers, 400 bytes cmem[0]
ptxas info    : Compile time = 22.915 ms
ptxas info    : Compiling entry function '_ZN11bp_cuda_lab9cheap_allEPKNS_3VecEPfj' for 'sm_70'
ptxas info    : Function properties for _ZN11bp_cuda_lab9cheap_allEPKNS_3VecEPfj
    0 bytes stack frame, 0 bytes spill stores, 0 bytes spill loads
ptxas info    : Used 20 registers, used 0 barriers, 372 bytes cmem[0]
ptxas info    : Compile time = 2.651 ms
ptxas info    : Compiling entry function '_ZN11bp_cuda_lab12select_queueEPKNS_3VecEjfPjjS3_S3_' for 'sm_70'
ptxas info    : Function properties for _ZN11bp_cuda_lab12select_queueEPKNS_3VecEjfPjjS3_S3_
    0 bytes stack frame, 0 bytes spill stores, 0 bytes spill loads
ptxas info    : Used 13 registers, used 0 barriers, 400 bytes cmem[0]
ptxas info    : Compile time = 3.046 ms
ptxas info    : Compiling entry function '_ZN11bp_cuda_lab10scan_carryEPNS_6AffineEPKS0_j' for 'sm_70'
ptxas info    : Function properties for _ZN11bp_cuda_lab10scan_carryEPNS_6AffineEPKS0_j
    0 bytes stack frame, 0 bytes spill stores, 0 bytes spill loads
ptxas info    : Used 24 registers, used 0 barriers, 372 bytes cmem[0]
ptxas info    : Compile time = 1.664 ms
ptxas info    : Compiling entry function '_ZN11bp_cuda_lab10scan_tilesEPKNS_6AffineEPS0_S3_j' for 'sm_70'
ptxas info    : Function properties for _ZN11bp_cuda_lab10scan_tilesEPKNS_6AffineEPS0_S3_j
    0 bytes stack frame, 0 bytes spill stores, 0 bytes spill loads
ptxas info    : Used 24 registers, used 0 barriers, 380 bytes cmem[0]
ptxas info    : Compile time = 10.656 ms
ptxas info    : Compiling entry function '_ZN11bp_cuda_lab23summarize_affine_groupsEPKNS_6AffineEPS0_PjS4_jj' for 'sm_70'
ptxas info    : Function properties for _ZN11bp_cuda_lab23summarize_affine_groupsEPKNS_6AffineEPS0_PjS4_jj
    0 bytes stack frame, 0 bytes spill stores, 0 bytes spill loads
ptxas info    : Used 32 registers, used 0 barriers, 392 bytes cmem[0]
ptxas info    : Compile time = 5.629 ms
ptxas info    : Compiling entry function '_ZN11bp_cuda_lab14produce_affineEPKNS_3VecEPNS_6AffineEjf' for 'sm_70'
ptxas info    : Function properties for _ZN11bp_cuda_lab14produce_affineEPKNS_3VecEPNS_6AffineEjf
    0 bytes stack frame, 0 bytes spill stores, 0 bytes spill loads
ptxas info    : Used 18 registers, used 0 barriers, 376 bytes cmem[0]
ptxas info    : Compile time = 2.421 ms
ptxas info    : Compiling entry function '_ZN11bp_cuda_lab14bitlift_threadEPKNS_6PlanesEPNS_3VecEPKNS_7WeightsEj' for 'sm_70'
ptxas info    : Function properties for _ZN11bp_cuda_lab14bitlift_threadEPKNS_6PlanesEPNS_3VecEPKNS_7WeightsEj
    0 bytes stack frame, 0 bytes spill stores, 0 bytes spill loads
ptxas info    : Used 32 registers, used 0 barriers, 380 bytes cmem[0]
ptxas info    : Compile time = 10.419 ms
ptxas info    : Compiling entry function '_ZN11bp_cuda_lab12bitlift_warpEPKNS_6PlanesEPNS_3VecEPKNS_7WeightsEj' for 'sm_70'
ptxas info    : Function properties for _ZN11bp_cuda_lab12bitlift_warpEPKNS_6PlanesEPNS_3VecEPKNS_7WeightsEj
    0 bytes stack frame, 0 bytes spill stores, 0 bytes spill loads
ptxas info    : Used 16 registers, used 0 barriers, 380 bytes cmem[0]
ptxas info    : Compile time = 6.986 ms
ptxas info    : Compiling entry function '_ZN11bp_cuda_lab27threshold_records_to_planesEPKNS_3VecEjPKjS4_PNS_6PlanesEPjS7_jfff' for 'sm_70'
ptxas info    : Function properties for _ZN11bp_cuda_lab27threshold_records_to_planesEPKNS_3VecEjPKjS4_PNS_6PlanesEPjS7_jfff
    0 bytes stack frame, 0 bytes spill stores, 0 bytes spill loads
ptxas info    : Used 32 registers, used 0 barriers, 424 bytes cmem[0]
ptxas info    : Compile time = 5.137 ms
ptxas info    : Compiling entry function '_ZN11bp_cuda_lab16packed_to_planesEPKNS_12PackedWindowEPNS_6PlanesEj' for 'sm_70'
ptxas info    : Function properties for _ZN11bp_cuda_lab16packed_to_planesEPKNS_12PackedWindowEPNS_6PlanesEj
    0 bytes stack frame, 0 bytes spill stores, 0 bytes spill loads
ptxas info    : Used 29 registers, used 0 barriers, 372 bytes cmem[0]
ptxas info    : Compile time = 7.673 ms
[100%] Linking CXX executable lab_cuda
[100%] Built target lab_cuda
