{"configuration":0,"error":"Clang driver unavailable","file":"bench/seq/bench_dna2.cu"}
{"configuration":0,"error":"Clang driver unavailable","file":"src/seq/dna2.cu"}
{"configuration":0,"error":"Clang driver unavailable","file":"tests/seq/test_dna2_cuda.cu"}
{"configuration":"d9f3ca6726a6f6a11e3c215be8c804f69ff6c29ed7be269c358c15251cba657f","error":"/usr/lib/gcc/x86_64-linux-gnu/13/include/xmmintrin.h:136:19: error: use of undeclared identifier '__builtin_ia32_addss'","file":"bench/seq/bench_dna2_cpu.cpp"}
{"configuration":"d9f3ca6726a6f6a11e3c215be8c804f69ff6c29ed7be269c358c15251cba657f","error":"/usr/lib/gcc/x86_64-linux-gnu/13/include/xmmintrin.h:142:19: error: use of undeclared identifier '__builtin_ia32_subss'","file":"bench/seq/bench_dna2_cpu.cpp"}
{"configuration":"d9f3ca6726a6f6a11e3c215be8c804f69ff6c29ed7be269c358c15251cba657f","error":"/usr/lib/gcc/x86_64-linux-gnu/13/include/xmmintrin.h:148:19: error: use of undeclared identifier '__builtin_ia32_mulss'","file":"bench/seq/bench_dna2_cpu.cpp"}
{"configuration":"d9f3ca6726a6f6a11e3c215be8c804f69ff6c29ed7be269c358c15251cba657f","error":"/usr/lib/gcc/x86_64-linux-gnu/13/include/xmmintrin.h:154:19: error: use of undeclared identifier '__builtin_ia32_divss'","file":"bench/seq/bench_dna2_cpu.cpp"}
{"configuration":"d9f3ca6726a6f6a11e3c215be8c804f69ff6c29ed7be269c358c15251cba657f","error":"/usr/lib/gcc/x86_64-linux-gnu/13/include/xmmintrin.h:248:10: error: use of undeclared identifier '__builtin_ia32_andps'","file":"bench/seq/bench_dna2_cpu.cpp"}
{"configuration":"d9f3ca6726a6f6a11e3c215be8c804f69ff6c29ed7be269c358c15251cba657f","error":"/usr/lib/gcc/x86_64-linux-gnu/13/include/xmmintrin.h:254:10: error: use of undeclared identifier '__builtin_ia32_andnps'","file":"bench/seq/bench_dna2_cpu.cpp"}
{"configuration":"d9f3ca6726a6f6a11e3c215be8c804f69ff6c29ed7be269c358c15251cba657f","error":"/usr/lib/gcc/x86_64-linux-gnu/13/include/xmmintrin.h:260:10: error: use of undeclared identifier '__builtin_ia32_orps'","file":"bench/seq/bench_dna2_cpu.cpp"}
{"configuration":"d9f3ca6726a6f6a11e3c215be8c804f69ff6c29ed7be269c358c15251cba657f","error":"/usr/lib/gcc/x86_64-linux-gnu/13/include/xmmintrin.h:266:10: error: use of undeclared identifier '__builtin_ia32_xorps'","file":"bench/seq/bench_dna2_cpu.cpp"}
{"configuration":"d9f3ca6726a6f6a11e3c215be8c804f69ff6c29ed7be269c358c15251cba657f","error":"/usr/lib/gcc/x86_64-linux-gnu/13/include/xmmintrin.h:294:19: error: use of undeclared identifier '__builtin_ia32_movss'","file":"bench/seq/bench_dna2_cpu.cpp"}
{"configuration":"d9f3ca6726a6f6a11e3c215be8c804f69ff6c29ed7be269c358c15251cba657f","error":"/usr/lib/gcc/x86_64-linux-gnu/13/include/xmmintrin.h:304:19: error: use of undeclared identifier '__builtin_ia32_movss'","file":"bench/seq/bench_dna2_cpu.cpp"}
{"configuration":"d9f3ca6726a6f6a11e3c215be8c804f69ff6c29ed7be269c358c15251cba657f","error":"/usr/lib/gcc/x86_64-linux-gnu/13/include/xmmintrin.h:332:19: error: use of undeclared identifier '__builtin_ia32_movss'","file":"bench/seq/bench_dna2_cpu.cpp"}
{"configuration":"d9f3ca6726a6f6a11e3c215be8c804f69ff6c29ed7be269c358c15251cba657f","error":"/usr/lib/gcc/x86_64-linux-gnu/13/include/xmmintrin.h:342:19: error: use of undeclared identifier '__builtin_ia32_movss'","file":"bench/seq/bench_dna2_cpu.cpp"}
{"configuration":"d9f3ca6726a6f6a11e3c215be8c804f69ff6c29ed7be269c358c15251cba657f","error":"/usr/lib/gcc/x86_64-linux-gnu/13/include/xmmintrin.h:386:19: error: use of undeclared identifier '__builtin_ia32_cmpgtps'","file":"bench/seq/bench_dna2_cpu.cpp"}
{"configuration":"d9f3ca6726a6f6a11e3c215be8c804f69ff6c29ed7be269c358c15251cba657f","error":"/usr/lib/gcc/x86_64-linux-gnu/13/include/xmmintrin.h:392:19: error: use of undeclared identifier '__builtin_ia32_cmpgeps'","file":"bench/seq/bench_dna2_cpu.cpp"}
{"configuration":"d9f3ca6726a6f6a11e3c215be8c804f69ff6c29ed7be269c358c15251cba657f","error":"/usr/lib/gcc/x86_64-linux-gnu/13/include/xmmintrin.h:416:19: error: use of undeclared identifier '__builtin_ia32_cmpngtps'","file":"bench/seq/bench_dna2_cpu.cpp"}
{"configuration":"d9f3ca6726a6f6a11e3c215be8c804f69ff6c29ed7be269c358c15251cba657f","error":"/usr/lib/gcc/x86_64-linux-gnu/13/include/xmmintrin.h:422:19: error: use of undeclared identifier '__builtin_ia32_cmpngeps'","file":"bench/seq/bench_dna2_cpu.cpp"}
{"configuration":"d9f3ca6726a6f6a11e3c215be8c804f69ff6c29ed7be269c358c15251cba657f","error":"/usr/lib/gcc/x86_64-linux-gnu/13/include/xmmintrin.h:608:19: error: use of undeclared identifier '__builtin_ia32_cvtsi2ss'","file":"bench/seq/bench_dna2_cpu.cpp"}
{"configuration":"d9f3ca6726a6f6a11e3c215be8c804f69ff6c29ed7be269c358c15251cba657f","error":"/usr/lib/gcc/x86_64-linux-gnu/13/include/xmmintrin.h:624:19: error: use of undeclared identifier '__builtin_ia32_cvtsi642ss'","file":"bench/seq/bench_dna2_cpu.cpp"}
{"configuration":"d9f3ca6726a6f6a11e3c215be8c804f69ff6c29ed7be269c358c15251cba657f","error":"/usr/lib/gcc/x86_64-linux-gnu/13/include/xmmintrin.h:631:19: error: use of undeclared identifier '__builtin_ia32_cvtsi642ss'","file":"bench/seq/bench_dna2_cpu.cpp"}
{"configuration":"d9f3ca6726a6f6a11e3c215be8c804f69ff6c29ed7be269c358c15251cba657f","error":"fatal error: too many errors emitted, stopping now [-ferror-limit=]","file":"bench/seq/bench_dna2_cpu.cpp"}
{"configuration":"d9f3ca6726a6f6a11e3c215be8c804f69ff6c29ed7be269c358c15251cba657f","error":"/usr/lib/gcc/x86_64-linux-gnu/13/include/xmmintrin.h:136:19: error: use of undeclared identifier '__builtin_ia32_addss'","file":"tests/seq/test_dna2.cpp"}
{"configuration":"d9f3ca6726a6f6a11e3c215be8c804f69ff6c29ed7be269c358c15251cba657f","error":"/usr/lib/gcc/x86_64-linux-gnu/13/include/xmmintrin.h:142:19: error: use of undeclared identifier '__builtin_ia32_subss'","file":"tests/seq/test_dna2.cpp"}
{"configuration":"d9f3ca6726a6f6a11e3c215be8c804f69ff6c29ed7be269c358c15251cba657f","error":"/usr/lib/gcc/x86_64-linux-gnu/13/include/xmmintrin.h:148:19: error: use of undeclared identifier '__builtin_ia32_mulss'","file":"tests/seq/test_dna2.cpp"}
{"configuration":"d9f3ca6726a6f6a11e3c215be8c804f69ff6c29ed7be269c358c15251cba657f","error":"/usr/lib/gcc/x86_64-linux-gnu/13/include/xmmintrin.h:154:19: error: use of undeclared identifier '__builtin_ia32_divss'","file":"tests/seq/test_dna2.cpp"}
{"configuration":"d9f3ca6726a6f6a11e3c215be8c804f69ff6c29ed7be269c358c15251cba657f","error":"/usr/lib/gcc/x86_64-linux-gnu/13/include/xmmintrin.h:248:10: error: use of undeclared identifier '__builtin_ia32_andps'","file":"tests/seq/test_dna2.cpp"}
{"configuration":"d9f3ca6726a6f6a11e3c215be8c804f69ff6c29ed7be269c358c15251cba657f","error":"/usr/lib/gcc/x86_64-linux-gnu/13/include/xmmintrin.h:254:10: error: use of undeclared identifier '__builtin_ia32_andnps'","file":"tests/seq/test_dna2.cpp"}
{"configuration":"d9f3ca6726a6f6a11e3c215be8c804f69ff6c29ed7be269c358c15251cba657f","error":"/usr/lib/gcc/x86_64-linux-gnu/13/include/xmmintrin.h:260:10: error: use of undeclared identifier '__builtin_ia32_orps'","file":"tests/seq/test_dna2.cpp"}
{"configuration":"d9f3ca6726a6f6a11e3c215be8c804f69ff6c29ed7be269c358c15251cba657f","error":"/usr/lib/gcc/x86_64-linux-gnu/13/include/xmmintrin.h:266:10: error: use of undeclared identifier '__builtin_ia32_xorps'","file":"tests/seq/test_dna2.cpp"}
{"configuration":"d9f3ca6726a6f6a11e3c215be8c804f69ff6c29ed7be269c358c15251cba657f","error":"/usr/lib/gcc/x86_64-linux-gnu/13/include/xmmintrin.h:294:19: error: use of undeclared identifier '__builtin_ia32_movss'","file":"tests/seq/test_dna2.cpp"}
{"configuration":"d9f3ca6726a6f6a11e3c215be8c804f69ff6c29ed7be269c358c15251cba657f","error":"/usr/lib/gcc/x86_64-linux-gnu/13/include/xmmintrin.h:304:19: error: use of undeclared identifier '__builtin_ia32_movss'","file":"tests/seq/test_dna2.cpp"}
{"configuration":"d9f3ca6726a6f6a11e3c215be8c804f69ff6c29ed7be269c358c15251cba657f","error":"/usr/lib/gcc/x86_64-linux-gnu/13/include/xmmintrin.h:332:19: error: use of undeclared identifier '__builtin_ia32_movss'","file":"tests/seq/test_dna2.cpp"}
{"configuration":"d9f3ca6726a6f6a11e3c215be8c804f69ff6c29ed7be269c358c15251cba657f","error":"/usr/lib/gcc/x86_64-linux-gnu/13/include/xmmintrin.h:342:19: error: use of undeclared identifier '__builtin_ia32_movss'","file":"tests/seq/test_dna2.cpp"}
{"configuration":"d9f3ca6726a6f6a11e3c215be8c804f69ff6c29ed7be269c358c15251cba657f","error":"/usr/lib/gcc/x86_64-linux-gnu/13/include/xmmintrin.h:386:19: error: use of undeclared identifier '__builtin_ia32_cmpgtps'","file":"tests/seq/test_dna2.cpp"}
{"configuration":"d9f3ca6726a6f6a11e3c215be8c804f69ff6c29ed7be269c358c15251cba657f","error":"/usr/lib/gcc/x86_64-linux-gnu/13/include/xmmintrin.h:392:19: error: use of undeclared identifier '__builtin_ia32_cmpgeps'","file":"tests/seq/test_dna2.cpp"}
{"configuration":"d9f3ca6726a6f6a11e3c215be8c804f69ff6c29ed7be269c358c15251cba657f","error":"/usr/lib/gcc/x86_64-linux-gnu/13/include/xmmintrin.h:416:19: error: use of undeclared identifier '__builtin_ia32_cmpngtps'","file":"tests/seq/test_dna2.cpp"}
{"configuration":"d9f3ca6726a6f6a11e3c215be8c804f69ff6c29ed7be269c358c15251cba657f","error":"/usr/lib/gcc/x86_64-linux-gnu/13/include/xmmintrin.h:422:19: error: use of undeclared identifier '__builtin_ia32_cmpngeps'","file":"tests/seq/test_dna2.cpp"}
{"configuration":"d9f3ca6726a6f6a11e3c215be8c804f69ff6c29ed7be269c358c15251cba657f","error":"/usr/lib/gcc/x86_64-linux-gnu/13/include/xmmintrin.h:608:19: error: use of undeclared identifier '__builtin_ia32_cvtsi2ss'","file":"tests/seq/test_dna2.cpp"}
{"configuration":"d9f3ca6726a6f6a11e3c215be8c804f69ff6c29ed7be269c358c15251cba657f","error":"/usr/lib/gcc/x86_64-linux-gnu/13/include/xmmintrin.h:624:19: error: use of undeclared identifier '__builtin_ia32_cvtsi642ss'","file":"tests/seq/test_dna2.cpp"}
{"configuration":"d9f3ca6726a6f6a11e3c215be8c804f69ff6c29ed7be269c358c15251cba657f","error":"/usr/lib/gcc/x86_64-linux-gnu/13/include/xmmintrin.h:631:19: error: use of undeclared identifier '__builtin_ia32_cvtsi642ss'","file":"tests/seq/test_dna2.cpp"}
{"configuration":"d9f3ca6726a6f6a11e3c215be8c804f69ff6c29ed7be269c358c15251cba657f","error":"fatal error: too many errors emitted, stopping now [-ferror-limit=]","file":"tests/seq/test_dna2.cpp"}
